// Jest Snapshot v1, https://goo.gl/fbAQLP

exports[`a pagina de configuração deve ser renderizada corretamente 1`] = `
<div>
  <confi />
</div>
`;
